<?xml version="1.0" encoding="utf-8"?>
<TestRun id="95167188-43bd-4b99-85c9-408c83d66489" name="@fv-az802-751 2025-07-03 18:59:21" xmlns="http://microsoft.com/schemas/VisualStudio/TeamTest/2010">
  <Times creation="2025-07-03T18:59:21.1953295+00:00" queuing="2025-07-03T18:59:21.1953296+00:00" start="2025-07-03T18:59:18.3795537+00:00" finish="2025-07-03T18:59:21.5774046+00:00" />
  <TestSettings name="default" id="bd233602-8ade-46f6-82a5-a98d561a387f">
    <Deployment runDeploymentRoot="_fv-az802-751_2025-07-03_18_59_21" />
  </TestSettings>
  <Results>
    <UnitTestResult executionId="f5d258f5-8a51-45a3-ba22-e6ceae9b15b3" testId="c9befe09-9e95-904d-b628-d0b15109dd57" testName="RazorPagesProject.IntegrationTests.IntegrationTests.BasicTests.Get_EndpointsReturnSuccessAndCorrectContentType(url: &quot;/Contact&quot;)" computerName="fv-az802-751" duration="00:00:01.6427352" startTime="2025-07-03T18:59:19.1829117+00:00" endTime="2025-07-03T18:59:20.8653735+00:00" testType="13cdc9d9-ddb5-4fa4-a97d-d965ccfc6d4b" outcome="Passed" testListId="8c84fa94-04c1-424b-9868-57a2d4851a1d" relativeResultsDirectory="f5d258f5-8a51-45a3-ba22-e6ceae9b15b3" />
    <UnitTestResult executionId="012d0d5e-d153-4c7a-b4fb-2b979e1b11d3" testId="b7b578bb-1769-eaed-dcc2-99789e51f582" testName="RazorPagesProject.IntegrationTests.IntegrationTests.AuthTests.Get_GitHubProfilePageCanGetAGitHubUser" computerName="fv-az802-751" duration="00:00:00.1843443" startTime="2025-07-03T18:59:21.1910745+00:00" endTime="2025-07-03T18:59:21.3747089+00:00" testType="13cdc9d9-ddb5-4fa4-a97d-d965ccfc6d4b" outcome="Passed" testListId="8c84fa94-04c1-424b-9868-57a2d4851a1d" relativeResultsDirectory="012d0d5e-d153-4c7a-b4fb-2b979e1b11d3" />
    <UnitTestResult executionId="31552743-5ddf-42a9-975f-995f5b20e4f2" testId="f1e974b9-bda1-a2e9-d14b-9df1c17e3903" testName="RazorPagesProject.Tests.IntegrationTests.IndexPageTests.Post_DeleteAllMessagesHandler_ReturnsRedirectToRoot" computerName="fv-az802-751" duration="00:00:00.0903357" startTime="2025-07-03T18:59:21.2531504+00:00" endTime="2025-07-03T18:59:21.3437497+00:00" testType="13cdc9d9-ddb5-4fa4-a97d-d965ccfc6d4b" outcome="Passed" testListId="8c84fa94-04c1-424b-9868-57a2d4851a1d" relativeResultsDirectory="31552743-5ddf-42a9-975f-995f5b20e4f2" />
    <UnitTestResult executionId="241f4b9d-7d77-4f3f-8e58-def0e04ae5f0" testId="b1885f15-8229-cc7d-26f1-12ac76c8456f" testName="RazorPagesProject.IntegrationTests.IntegrationTests.AuthTests.Get_GitHubProfilePageShowsErrorForNonExistentUser" computerName="fv-az802-751" duration="00:00:00.2206356" startTime="2025-07-03T18:59:20.8805043+00:00" endTime="2025-07-03T18:59:21.0687355+00:00" testType="13cdc9d9-ddb5-4fa4-a97d-d965ccfc6d4b" outcome="Passed" testListId="8c84fa94-04c1-424b-9868-57a2d4851a1d" relativeResultsDirectory="241f4b9d-7d77-4f3f-8e58-def0e04ae5f0" />
    <UnitTestResult executionId="686706fe-93e7-4284-84a8-caa99f1c9f22" testId="b4395d97-0493-3b45-aece-f5687a5cd998" testName="RazorPagesProject.IntegrationTests.IntegrationTests.AuthTests.Get_SecurePageRedirectsAnUnauthenticatedUser" computerName="fv-az802-751" duration="00:00:00.1199867" startTime="2025-07-03T18:59:21.0690788+00:00" endTime="2025-07-03T18:59:21.1908091+00:00" testType="13cdc9d9-ddb5-4fa4-a97d-d965ccfc6d4b" outcome="Passed" testListId="8c84fa94-04c1-424b-9868-57a2d4851a1d" relativeResultsDirectory="686706fe-93e7-4284-84a8-caa99f1c9f22" />
    <UnitTestResult executionId="37728551-a91b-447c-b9cc-e34ba41ae08a" testId="6935ad92-d29b-3ceb-28b5-8fdbaa18cfaf" testName="RazorPagesProject.IntegrationTests.IntegrationTests.BasicTests.Get_EndpointsReturnSuccessAndCorrectContentType(url: &quot;/Index&quot;)" computerName="fv-az802-751" duration="00:00:00.0413457" startTime="2025-07-03T18:59:20.8942261+00:00" endTime="2025-07-03T18:59:20.9345821+00:00" testType="13cdc9d9-ddb5-4fa4-a97d-d965ccfc6d4b" outcome="Passed" testListId="8c84fa94-04c1-424b-9868-57a2d4851a1d" relativeResultsDirectory="37728551-a91b-447c-b9cc-e34ba41ae08a" />
    <UnitTestResult executionId="6ec12bb3-2968-4fd7-be39-34d5a8f54da3" testId="675a08ac-712a-8a4b-a5b0-22c1b99008d6" testName="RazorPagesProject.IntegrationTests.IntegrationTests.AuthTests.Get_SecurePageIsReturnedForAnAuthenticatedUser" computerName="fv-az802-751" duration="00:00:01.6174573" startTime="2025-07-03T18:59:19.2164348+00:00" endTime="2025-07-03T18:59:20.8417141+00:00" testType="13cdc9d9-ddb5-4fa4-a97d-d965ccfc6d4b" outcome="Passed" testListId="8c84fa94-04c1-424b-9868-57a2d4851a1d" relativeResultsDirectory="6ec12bb3-2968-4fd7-be39-34d5a8f54da3" />
    <UnitTestResult executionId="e0ddbf64-e1d0-4248-8b11-09d53921105e" testId="05957164-9308-b53e-8a48-091f29fca25d" testName="RazorPagesProject.IntegrationTests.IntegrationTests.BasicTests.Get_EndpointsReturnSuccessAndCorrectContentType(url: &quot;/&quot;)" computerName="fv-az802-751" duration="00:00:00.0097704" startTime="2025-07-03T18:59:20.9348384+00:00" endTime="2025-07-03T18:59:20.9447691+00:00" testType="13cdc9d9-ddb5-4fa4-a97d-d965ccfc6d4b" outcome="Passed" testListId="8c84fa94-04c1-424b-9868-57a2d4851a1d" relativeResultsDirectory="e0ddbf64-e1d0-4248-8b11-09d53921105e" />
    <UnitTestResult executionId="c596c507-7296-4509-a2cf-c797058c5502" testId="cd62907b-0e2d-e14a-9257-4742f0bd4e0e" testName="RazorPagesProject.IntegrationTests.IntegrationTests.BasicTests.Get_EndpointsReturnSuccessAndCorrectContentType(url: &quot;/About&quot;)" computerName="fv-az802-751" duration="00:00:00.0083049" startTime="2025-07-03T18:59:20.9450027+00:00" endTime="2025-07-03T18:59:20.9535135+00:00" testType="13cdc9d9-ddb5-4fa4-a97d-d965ccfc6d4b" outcome="Passed" testListId="8c84fa94-04c1-424b-9868-57a2d4851a1d" relativeResultsDirectory="c596c507-7296-4509-a2cf-c797058c5502" />
    <UnitTestResult executionId="609144fa-faa7-4b2e-89da-659160e08bd9" testId="70e99d98-669d-78ce-c3ce-1a8be81c32aa" testName="RazorPagesProject.Tests.IntegrationTests.IndexPageTests.Post_DeleteMessageHandler_ReturnsRedirectToRoot" computerName="fv-az802-751" duration="00:00:00.0627314" startTime="2025-07-03T18:59:21.3440712+00:00" endTime="2025-07-03T18:59:21.4071678+00:00" testType="13cdc9d9-ddb5-4fa4-a97d-d965ccfc6d4b" outcome="Passed" testListId="8c84fa94-04c1-424b-9868-57a2d4851a1d" relativeResultsDirectory="609144fa-faa7-4b2e-89da-659160e08bd9" />
    <UnitTestResult executionId="8bf68f0e-29be-4be8-9761-089a9d285752" testId="89e24fff-ffa6-e2db-f2e0-059b3abf93d0" testName="RazorPagesProject.Tests.IntegrationTests.IndexPageTests.Get_QuoteService_ProvidesQuoteInPage" computerName="fv-az802-751" duration="00:00:00.1056542" startTime="2025-07-03T18:59:21.1602303+00:00" endTime="2025-07-03T18:59:21.2527840+00:00" testType="13cdc9d9-ddb5-4fa4-a97d-d965ccfc6d4b" outcome="Passed" testListId="8c84fa94-04c1-424b-9868-57a2d4851a1d" relativeResultsDirectory="8bf68f0e-29be-4be8-9761-089a9d285752" />
    <UnitTestResult executionId="d87a6974-e8ee-49eb-9a72-dea6be44456e" testId="2aaf0b37-defb-9cb4-1aeb-b6f65c26457a" testName="RazorPagesProject.Tests.IntegrationTests.IndexPageTests.Post_AddMessageHandler_ReturnsSuccess_WhenMessageTextTooLong" computerName="fv-az802-751" duration="00:00:00.0108859" startTime="2025-07-03T18:59:21.4947530+00:00" endTime="2025-07-03T18:59:21.5056884+00:00" testType="13cdc9d9-ddb5-4fa4-a97d-d965ccfc6d4b" outcome="Passed" testListId="8c84fa94-04c1-424b-9868-57a2d4851a1d" relativeResultsDirectory="d87a6974-e8ee-49eb-9a72-dea6be44456e" />
    <UnitTestResult executionId="61e565f5-370f-4bde-8e34-1a48eb72a528" testId="9b35606a-b01f-54d3-b178-9c1ffaca91b8" testName="RazorPagesProject.Tests.IntegrationTests.IndexPageTests.Post_AddMessageHandler_ReturnsSuccess_WhenMissingMessageText" computerName="fv-az802-751" duration="00:00:01.9597565" startTime="2025-07-03T18:59:19.1844229+00:00" endTime="2025-07-03T18:59:21.1483328+00:00" testType="13cdc9d9-ddb5-4fa4-a97d-d965ccfc6d4b" outcome="Passed" testListId="8c84fa94-04c1-424b-9868-57a2d4851a1d" relativeResultsDirectory="61e565f5-370f-4bde-8e34-1a48eb72a528" />
    <UnitTestResult executionId="cb871e98-091a-4240-bfaf-e9be2ed5b7be" testId="e1ce9bb2-298a-0960-453a-390ece24eed1" testName="RazorPagesProject.Tests.IntegrationTests.IndexPageTests.Post_AnalyzeMessagesHandler_ReturnsRedirectToRoot" computerName="fv-az802-751" duration="00:00:00.0868719" startTime="2025-07-03T18:59:21.4074821+00:00" endTime="2025-07-03T18:59:21.4944491+00:00" testType="13cdc9d9-ddb5-4fa4-a97d-d965ccfc6d4b" outcome="Passed" testListId="8c84fa94-04c1-424b-9868-57a2d4851a1d" relativeResultsDirectory="cb871e98-091a-4240-bfaf-e9be2ed5b7be" />
    <UnitTestResult executionId="e5c53f59-5de3-495c-92e4-0498f6581619" testId="29fd662a-acc6-e608-9e8f-b1a308af4852" testName="RazorPagesProject.IntegrationTests.IntegrationTests.BasicTests.Get_EndpointsReturnSuccessAndCorrectContentType(url: &quot;/Privacy&quot;)" computerName="fv-az802-751" duration="00:00:00.0476638" startTime="2025-07-03T18:59:20.8803248+00:00" endTime="2025-07-03T18:59:20.8926288+00:00" testType="13cdc9d9-ddb5-4fa4-a97d-d965ccfc6d4b" outcome="Passed" testListId="8c84fa94-04c1-424b-9868-57a2d4851a1d" relativeResultsDirectory="e5c53f59-5de3-495c-92e4-0498f6581619" />
  </Results>
  <TestDefinitions>
    <UnitTest name="RazorPagesProject.Tests.IntegrationTests.IndexPageTests.Post_AddMessageHandler_ReturnsSuccess_WhenMissingMessageText" storage="/home/runner/work/dotnet-test-demo/dotnet-test-demo/src/razorpagesproject.integrationtests/bin/debug/net9.0/razorpagesproject.integrationtests.dll" id="9b35606a-b01f-54d3-b178-9c1ffaca91b8">
      <Execution id="61e565f5-370f-4bde-8e34-1a48eb72a528" />
      <TestMethod codeBase="/home/runner/work/dotnet-test-demo/dotnet-test-demo/src/RazorPagesProject.IntegrationTests/bin/Debug/net9.0/RazorPagesProject.IntegrationTests.dll" adapterTypeName="executor://xunit/VsTestRunner3/netcore/" className="RazorPagesProject.Tests.IntegrationTests.IndexPageTests" name="Post_AddMessageHandler_ReturnsSuccess_WhenMissingMessageText" />
    </UnitTest>
    <UnitTest name="RazorPagesProject.IntegrationTests.IntegrationTests.BasicTests.Get_EndpointsReturnSuccessAndCorrectContentType(url: &quot;/Privacy&quot;)" storage="/home/runner/work/dotnet-test-demo/dotnet-test-demo/src/razorpagesproject.integrationtests/bin/debug/net9.0/razorpagesproject.integrationtests.dll" id="29fd662a-acc6-e608-9e8f-b1a308af4852">
      <Execution id="e5c53f59-5de3-495c-92e4-0498f6581619" />
      <TestMethod codeBase="/home/runner/work/dotnet-test-demo/dotnet-test-demo/src/RazorPagesProject.IntegrationTests/bin/Debug/net9.0/RazorPagesProject.IntegrationTests.dll" adapterTypeName="executor://xunit/VsTestRunner3/netcore/" className="RazorPagesProject.IntegrationTests.IntegrationTests.BasicTests" name="Get_EndpointsReturnSuccessAndCorrectContentType" />
    </UnitTest>
    <UnitTest name="RazorPagesProject.IntegrationTests.IntegrationTests.BasicTests.Get_EndpointsReturnSuccessAndCorrectContentType(url: &quot;/&quot;)" storage="/home/runner/work/dotnet-test-demo/dotnet-test-demo/src/razorpagesproject.integrationtests/bin/debug/net9.0/razorpagesproject.integrationtests.dll" id="05957164-9308-b53e-8a48-091f29fca25d">
      <Execution id="e0ddbf64-e1d0-4248-8b11-09d53921105e" />
      <TestMethod codeBase="/home/runner/work/dotnet-test-demo/dotnet-test-demo/src/RazorPagesProject.IntegrationTests/bin/Debug/net9.0/RazorPagesProject.IntegrationTests.dll" adapterTypeName="executor://xunit/VsTestRunner3/netcore/" className="RazorPagesProject.IntegrationTests.IntegrationTests.BasicTests" name="Get_EndpointsReturnSuccessAndCorrectContentType" />
    </UnitTest>
    <UnitTest name="RazorPagesProject.IntegrationTests.IntegrationTests.BasicTests.Get_EndpointsReturnSuccessAndCorrectContentType(url: &quot;/Index&quot;)" storage="/home/runner/work/dotnet-test-demo/dotnet-test-demo/src/razorpagesproject.integrationtests/bin/debug/net9.0/razorpagesproject.integrationtests.dll" id="6935ad92-d29b-3ceb-28b5-8fdbaa18cfaf">
      <Execution id="37728551-a91b-447c-b9cc-e34ba41ae08a" />
      <TestMethod codeBase="/home/runner/work/dotnet-test-demo/dotnet-test-demo/src/RazorPagesProject.IntegrationTests/bin/Debug/net9.0/RazorPagesProject.IntegrationTests.dll" adapterTypeName="executor://xunit/VsTestRunner3/netcore/" className="RazorPagesProject.IntegrationTests.IntegrationTests.BasicTests" name="Get_EndpointsReturnSuccessAndCorrectContentType" />
    </UnitTest>
    <UnitTest name="RazorPagesProject.Tests.IntegrationTests.IndexPageTests.Post_AnalyzeMessagesHandler_ReturnsRedirectToRoot" storage="/home/runner/work/dotnet-test-demo/dotnet-test-demo/src/razorpagesproject.integrationtests/bin/debug/net9.0/razorpagesproject.integrationtests.dll" id="e1ce9bb2-298a-0960-453a-390ece24eed1">
      <Execution id="cb871e98-091a-4240-bfaf-e9be2ed5b7be" />
      <TestMethod codeBase="/home/runner/work/dotnet-test-demo/dotnet-test-demo/src/RazorPagesProject.IntegrationTests/bin/Debug/net9.0/RazorPagesProject.IntegrationTests.dll" adapterTypeName="executor://xunit/VsTestRunner3/netcore/" className="RazorPagesProject.Tests.IntegrationTests.IndexPageTests" name="Post_AnalyzeMessagesHandler_ReturnsRedirectToRoot" />
    </UnitTest>
    <UnitTest name="RazorPagesProject.Tests.IntegrationTests.IndexPageTests.Post_DeleteAllMessagesHandler_ReturnsRedirectToRoot" storage="/home/runner/work/dotnet-test-demo/dotnet-test-demo/src/razorpagesproject.integrationtests/bin/debug/net9.0/razorpagesproject.integrationtests.dll" id="f1e974b9-bda1-a2e9-d14b-9df1c17e3903">
      <Execution id="31552743-5ddf-42a9-975f-995f5b20e4f2" />
      <TestMethod codeBase="/home/runner/work/dotnet-test-demo/dotnet-test-demo/src/RazorPagesProject.IntegrationTests/bin/Debug/net9.0/RazorPagesProject.IntegrationTests.dll" adapterTypeName="executor://xunit/VsTestRunner3/netcore/" className="RazorPagesProject.Tests.IntegrationTests.IndexPageTests" name="Post_DeleteAllMessagesHandler_ReturnsRedirectToRoot" />
    </UnitTest>
    <UnitTest name="RazorPagesProject.IntegrationTests.IntegrationTests.AuthTests.Get_GitHubProfilePageShowsErrorForNonExistentUser" storage="/home/runner/work/dotnet-test-demo/dotnet-test-demo/src/razorpagesproject.integrationtests/bin/debug/net9.0/razorpagesproject.integrationtests.dll" id="b1885f15-8229-cc7d-26f1-12ac76c8456f">
      <Execution id="241f4b9d-7d77-4f3f-8e58-def0e04ae5f0" />
      <TestMethod codeBase="/home/runner/work/dotnet-test-demo/dotnet-test-demo/src/RazorPagesProject.IntegrationTests/bin/Debug/net9.0/RazorPagesProject.IntegrationTests.dll" adapterTypeName="executor://xunit/VsTestRunner3/netcore/" className="RazorPagesProject.IntegrationTests.IntegrationTests.AuthTests" name="Get_GitHubProfilePageShowsErrorForNonExistentUser" />
    </UnitTest>
    <UnitTest name="RazorPagesProject.IntegrationTests.IntegrationTests.AuthTests.Get_GitHubProfilePageCanGetAGitHubUser" storage="/home/runner/work/dotnet-test-demo/dotnet-test-demo/src/razorpagesproject.integrationtests/bin/debug/net9.0/razorpagesproject.integrationtests.dll" id="b7b578bb-1769-eaed-dcc2-99789e51f582">
      <Execution id="012d0d5e-d153-4c7a-b4fb-2b979e1b11d3" />
      <TestMethod codeBase="/home/runner/work/dotnet-test-demo/dotnet-test-demo/src/RazorPagesProject.IntegrationTests/bin/Debug/net9.0/RazorPagesProject.IntegrationTests.dll" adapterTypeName="executor://xunit/VsTestRunner3/netcore/" className="RazorPagesProject.IntegrationTests.IntegrationTests.AuthTests" name="Get_GitHubProfilePageCanGetAGitHubUser" />
    </UnitTest>
    <UnitTest name="RazorPagesProject.IntegrationTests.IntegrationTests.BasicTests.Get_EndpointsReturnSuccessAndCorrectContentType(url: &quot;/Contact&quot;)" storage="/home/runner/work/dotnet-test-demo/dotnet-test-demo/src/razorpagesproject.integrationtests/bin/debug/net9.0/razorpagesproject.integrationtests.dll" id="c9befe09-9e95-904d-b628-d0b15109dd57">
      <Execution id="f5d258f5-8a51-45a3-ba22-e6ceae9b15b3" />
      <TestMethod codeBase="/home/runner/work/dotnet-test-demo/dotnet-test-demo/src/RazorPagesProject.IntegrationTests/bin/Debug/net9.0/RazorPagesProject.IntegrationTests.dll" adapterTypeName="executor://xunit/VsTestRunner3/netcore/" className="RazorPagesProject.IntegrationTests.IntegrationTests.BasicTests" name="Get_EndpointsReturnSuccessAndCorrectContentType" />
    </UnitTest>
    <UnitTest name="RazorPagesProject.Tests.IntegrationTests.IndexPageTests.Post_DeleteMessageHandler_ReturnsRedirectToRoot" storage="/home/runner/work/dotnet-test-demo/dotnet-test-demo/src/razorpagesproject.integrationtests/bin/debug/net9.0/razorpagesproject.integrationtests.dll" id="70e99d98-669d-78ce-c3ce-1a8be81c32aa">
      <Execution id="609144fa-faa7-4b2e-89da-659160e08bd9" />
      <TestMethod codeBase="/home/runner/work/dotnet-test-demo/dotnet-test-demo/src/RazorPagesProject.IntegrationTests/bin/Debug/net9.0/RazorPagesProject.IntegrationTests.dll" adapterTypeName="executor://xunit/VsTestRunner3/netcore/" className="RazorPagesProject.Tests.IntegrationTests.IndexPageTests" name="Post_DeleteMessageHandler_ReturnsRedirectToRoot" />
    </UnitTest>
    <UnitTest name="RazorPagesProject.Tests.IntegrationTests.IndexPageTests.Get_QuoteService_ProvidesQuoteInPage" storage="/home/runner/work/dotnet-test-demo/dotnet-test-demo/src/razorpagesproject.integrationtests/bin/debug/net9.0/razorpagesproject.integrationtests.dll" id="89e24fff-ffa6-e2db-f2e0-059b3abf93d0">
      <Execution id="8bf68f0e-29be-4be8-9761-089a9d285752" />
      <TestMethod codeBase="/home/runner/work/dotnet-test-demo/dotnet-test-demo/src/RazorPagesProject.IntegrationTests/bin/Debug/net9.0/RazorPagesProject.IntegrationTests.dll" adapterTypeName="executor://xunit/VsTestRunner3/netcore/" className="RazorPagesProject.Tests.IntegrationTests.IndexPageTests" name="Get_QuoteService_ProvidesQuoteInPage" />
    </UnitTest>
    <UnitTest name="RazorPagesProject.IntegrationTests.IntegrationTests.AuthTests.Get_SecurePageIsReturnedForAnAuthenticatedUser" storage="/home/runner/work/dotnet-test-demo/dotnet-test-demo/src/razorpagesproject.integrationtests/bin/debug/net9.0/razorpagesproject.integrationtests.dll" id="675a08ac-712a-8a4b-a5b0-22c1b99008d6">
      <Execution id="6ec12bb3-2968-4fd7-be39-34d5a8f54da3" />
      <TestMethod codeBase="/home/runner/work/dotnet-test-demo/dotnet-test-demo/src/RazorPagesProject.IntegrationTests/bin/Debug/net9.0/RazorPagesProject.IntegrationTests.dll" adapterTypeName="executor://xunit/VsTestRunner3/netcore/" className="RazorPagesProject.IntegrationTests.IntegrationTests.AuthTests" name="Get_SecurePageIsReturnedForAnAuthenticatedUser" />
    </UnitTest>
    <UnitTest name="RazorPagesProject.Tests.IntegrationTests.IndexPageTests.Post_AddMessageHandler_ReturnsSuccess_WhenMessageTextTooLong" storage="/home/runner/work/dotnet-test-demo/dotnet-test-demo/src/razorpagesproject.integrationtests/bin/debug/net9.0/razorpagesproject.integrationtests.dll" id="2aaf0b37-defb-9cb4-1aeb-b6f65c26457a">
      <Execution id="d87a6974-e8ee-49eb-9a72-dea6be44456e" />
      <TestMethod codeBase="/home/runner/work/dotnet-test-demo/dotnet-test-demo/src/RazorPagesProject.IntegrationTests/bin/Debug/net9.0/RazorPagesProject.IntegrationTests.dll" adapterTypeName="executor://xunit/VsTestRunner3/netcore/" className="RazorPagesProject.Tests.IntegrationTests.IndexPageTests" name="Post_AddMessageHandler_ReturnsSuccess_WhenMessageTextTooLong" />
    </UnitTest>
    <UnitTest name="RazorPagesProject.IntegrationTests.IntegrationTests.AuthTests.Get_SecurePageRedirectsAnUnauthenticatedUser" storage="/home/runner/work/dotnet-test-demo/dotnet-test-demo/src/razorpagesproject.integrationtests/bin/debug/net9.0/razorpagesproject.integrationtests.dll" id="b4395d97-0493-3b45-aece-f5687a5cd998">
      <Execution id="686706fe-93e7-4284-84a8-caa99f1c9f22" />
      <TestMethod codeBase="/home/runner/work/dotnet-test-demo/dotnet-test-demo/src/RazorPagesProject.IntegrationTests/bin/Debug/net9.0/RazorPagesProject.IntegrationTests.dll" adapterTypeName="executor://xunit/VsTestRunner3/netcore/" className="RazorPagesProject.IntegrationTests.IntegrationTests.AuthTests" name="Get_SecurePageRedirectsAnUnauthenticatedUser" />
    </UnitTest>
    <UnitTest name="RazorPagesProject.IntegrationTests.IntegrationTests.BasicTests.Get_EndpointsReturnSuccessAndCorrectContentType(url: &quot;/About&quot;)" storage="/home/runner/work/dotnet-test-demo/dotnet-test-demo/src/razorpagesproject.integrationtests/bin/debug/net9.0/razorpagesproject.integrationtests.dll" id="cd62907b-0e2d-e14a-9257-4742f0bd4e0e">
      <Execution id="c596c507-7296-4509-a2cf-c797058c5502" />
      <TestMethod codeBase="/home/runner/work/dotnet-test-demo/dotnet-test-demo/src/RazorPagesProject.IntegrationTests/bin/Debug/net9.0/RazorPagesProject.IntegrationTests.dll" adapterTypeName="executor://xunit/VsTestRunner3/netcore/" className="RazorPagesProject.IntegrationTests.IntegrationTests.BasicTests" name="Get_EndpointsReturnSuccessAndCorrectContentType" />
    </UnitTest>
  </TestDefinitions>
  <TestEntries>
    <TestEntry testId="c9befe09-9e95-904d-b628-d0b15109dd57" executionId="f5d258f5-8a51-45a3-ba22-e6ceae9b15b3" testListId="8c84fa94-04c1-424b-9868-57a2d4851a1d" />
    <TestEntry testId="b7b578bb-1769-eaed-dcc2-99789e51f582" executionId="012d0d5e-d153-4c7a-b4fb-2b979e1b11d3" testListId="8c84fa94-04c1-424b-9868-57a2d4851a1d" />
    <TestEntry testId="f1e974b9-bda1-a2e9-d14b-9df1c17e3903" executionId="31552743-5ddf-42a9-975f-995f5b20e4f2" testListId="8c84fa94-04c1-424b-9868-57a2d4851a1d" />
    <TestEntry testId="b1885f15-8229-cc7d-26f1-12ac76c8456f" executionId="241f4b9d-7d77-4f3f-8e58-def0e04ae5f0" testListId="8c84fa94-04c1-424b-9868-57a2d4851a1d" />
    <TestEntry testId="b4395d97-0493-3b45-aece-f5687a5cd998" executionId="686706fe-93e7-4284-84a8-caa99f1c9f22" testListId="8c84fa94-04c1-424b-9868-57a2d4851a1d" />
    <TestEntry testId="6935ad92-d29b-3ceb-28b5-8fdbaa18cfaf" executionId="37728551-a91b-447c-b9cc-e34ba41ae08a" testListId="8c84fa94-04c1-424b-9868-57a2d4851a1d" />
    <TestEntry testId="675a08ac-712a-8a4b-a5b0-22c1b99008d6" executionId="6ec12bb3-2968-4fd7-be39-34d5a8f54da3" testListId="8c84fa94-04c1-424b-9868-57a2d4851a1d" />
    <TestEntry testId="05957164-9308-b53e-8a48-091f29fca25d" executionId="e0ddbf64-e1d0-4248-8b11-09d53921105e" testListId="8c84fa94-04c1-424b-9868-57a2d4851a1d" />
    <TestEntry testId="cd62907b-0e2d-e14a-9257-4742f0bd4e0e" executionId="c596c507-7296-4509-a2cf-c797058c5502" testListId="8c84fa94-04c1-424b-9868-57a2d4851a1d" />
    <TestEntry testId="70e99d98-669d-78ce-c3ce-1a8be81c32aa" executionId="609144fa-faa7-4b2e-89da-659160e08bd9" testListId="8c84fa94-04c1-424b-9868-57a2d4851a1d" />
    <TestEntry testId="89e24fff-ffa6-e2db-f2e0-059b3abf93d0" executionId="8bf68f0e-29be-4be8-9761-089a9d285752" testListId="8c84fa94-04c1-424b-9868-57a2d4851a1d" />
    <TestEntry testId="2aaf0b37-defb-9cb4-1aeb-b6f65c26457a" executionId="d87a6974-e8ee-49eb-9a72-dea6be44456e" testListId="8c84fa94-04c1-424b-9868-57a2d4851a1d" />
    <TestEntry testId="9b35606a-b01f-54d3-b178-9c1ffaca91b8" executionId="61e565f5-370f-4bde-8e34-1a48eb72a528" testListId="8c84fa94-04c1-424b-9868-57a2d4851a1d" />
    <TestEntry testId="e1ce9bb2-298a-0960-453a-390ece24eed1" executionId="cb871e98-091a-4240-bfaf-e9be2ed5b7be" testListId="8c84fa94-04c1-424b-9868-57a2d4851a1d" />
    <TestEntry testId="29fd662a-acc6-e608-9e8f-b1a308af4852" executionId="e5c53f59-5de3-495c-92e4-0498f6581619" testListId="8c84fa94-04c1-424b-9868-57a2d4851a1d" />
  </TestEntries>
  <TestLists>
    <TestList name="Results Not in a List" id="8c84fa94-04c1-424b-9868-57a2d4851a1d" />
    <TestList name="All Loaded Results" id="19431567-8539-422a-85d7-44ee4e166bda" />
  </TestLists>
  <ResultSummary outcome="Completed">
    <Counters total="15" executed="15" passed="15" failed="0" error="0" timeout="0" aborted="0" inconclusive="0" passedButRunAborted="0" notRunnable="0" notExecuted="0" disconnected="0" warning="0" completed="0" inProgress="0" pending="0" />
    <Output>
      <StdOut>[xUnit.net 00:00:00.00] xUnit.net VSTest Adapter v3.1.1+bf6400fd51 (64-bit .NET 9.0.6)
[xUnit.net 00:00:00.10]   Discovering: RazorPagesProject.IntegrationTests
[xUnit.net 00:00:00.15]   Discovered:  RazorPagesProject.IntegrationTests
[xUnit.net 00:00:00.17]   Starting:    RazorPagesProject.IntegrationTests
info: Microsoft.EntityFrameworkCore.Database.Command[20101]
      Executed DbCommand (10ms) [Parameters=[], CommandType='Text', CommandTimeout='30']
      SELECT COUNT(*) FROM "sqlite_master" WHERE "type" = 'table' AND "rootpage" IS NOT NULL;
info: Microsoft.EntityFrameworkCore.Database.Command[20101]
      Executed DbCommand (5ms) [Parameters=[], CommandType='Text', CommandTimeout='30']
      SELECT COUNT(*) FROM "sqlite_master" WHERE "type" = 'table' AND "rootpage" IS NOT NULL;
info: Microsoft.EntityFrameworkCore.Database.Command[20101]
      Executed DbCommand (10ms) [Parameters=[], CommandType='Text', CommandTimeout='30']
      SELECT COUNT(*) FROM "sqlite_master" WHERE "type" = 'table' AND "rootpage" IS NOT NULL;
info: Microsoft.EntityFrameworkCore.Database.Command[20101]
      Executed DbCommand (1ms) [Parameters=[], CommandType='Text', CommandTimeout='30']
      CREATE TABLE "AspNetRoles" (
          "Id" TEXT NOT NULL CONSTRAINT "PK_AspNetRoles" PRIMARY KEY,
          "Name" TEXT NULL,
          "NormalizedName" TEXT NULL,
          "ConcurrencyStamp" TEXT NULL
      );
info: Microsoft.EntityFrameworkCore.Database.Command[20101]
      Executed DbCommand (1ms) [Parameters=[], CommandType='Text', CommandTimeout='30']
      CREATE TABLE "AspNetRoles" (
          "Id" TEXT NOT NULL CONSTRAINT "PK_AspNetRoles" PRIMARY KEY,
          "Name" TEXT NULL,
          "NormalizedName" TEXT NULL,
          "ConcurrencyStamp" TEXT NULL
      );
info: Microsoft.EntityFrameworkCore.Database.Command[20101]
      Executed DbCommand (0ms) [Parameters=[], CommandType='Text', CommandTimeout='30']
      CREATE TABLE "AspNetUsers" (
          "Id" TEXT NOT NULL CONSTRAINT "PK_AspNetUsers" PRIMARY KEY,
          "UserName" TEXT NULL,
          "NormalizedUserName" TEXT NULL,
          "Email" TEXT NULL,
          "NormalizedEmail" TEXT NULL,
          "EmailConfirmed" INTEGER NOT NULL,
          "PasswordHash" TEXT NULL,
          "SecurityStamp" TEXT NULL,
          "ConcurrencyStamp" TEXT NULL,
          "PhoneNumber" TEXT NULL,
          "PhoneNumberConfirmed" INTEGER NOT NULL,
          "TwoFactorEnabled" INTEGER NOT NULL,
          "LockoutEnd" TEXT NULL,
          "LockoutEnabled" INTEGER NOT NULL,
          "AccessFailedCount" INTEGER NOT NULL
      );
info: Microsoft.EntityFrameworkCore.Database.Command[20101]
      Executed DbCommand (0ms) [Parameters=[], CommandType='Text', CommandTimeout='30']
      CREATE TABLE "Messages" (
          "Id" INTEGER NOT NULL CONSTRAINT "PK_Messages" PRIMARY KEY AUTOINCREMENT,
          "Text" TEXT NOT NULL
      );
info: Microsoft.EntityFrameworkCore.Database.Command[20101]
      Executed DbCommand (1ms) [Parameters=[], CommandType='Text', CommandTimeout='30']
      CREATE TABLE "AspNetRoles" (
          "Id" TEXT NOT NULL CONSTRAINT "PK_AspNetRoles" PRIMARY KEY,
          "Name" TEXT NULL,
          "NormalizedName" TEXT NULL,
          "ConcurrencyStamp" TEXT NULL
      );
info: Microsoft.EntityFrameworkCore.Database.Command[20101]
      Executed DbCommand (0ms) [Parameters=[], CommandType='Text', CommandTimeout='30']
      CREATE TABLE "AspNetUsers" (
          "Id" TEXT NOT NULL CONSTRAINT "PK_AspNetUsers" PRIMARY KEY,
          "UserName" TEXT NULL,
          "NormalizedUserName" TEXT NULL,
          "Email" TEXT NULL,
          "NormalizedEmail" TEXT NULL,
          "EmailConfirmed" INTEGER NOT NULL,
          "PasswordHash" TEXT NULL,
          "SecurityStamp" TEXT NULL,
          "ConcurrencyStamp" TEXT NULL,
          "PhoneNumber" TEXT NULL,
          "PhoneNumberConfirmed" INTEGER NOT NULL,
          "TwoFactorEnabled" INTEGER NOT NULL,
          "LockoutEnd" TEXT NULL,
          "LockoutEnabled" INTEGER NOT NULL,
          "AccessFailedCount" INTEGER NOT NULL
      );
info: Microsoft.EntityFrameworkCore.Database.Command[20101]
      Executed DbCommand (0ms) [Parameters=[], CommandType='Text', CommandTimeout='30']
      CREATE TABLE "AspNetRoleClaims" (
          "Id" INTEGER NOT NULL CONSTRAINT "PK_AspNetRoleClaims" PRIMARY KEY AUTOINCREMENT,
          "RoleId" TEXT NOT NULL,
          "ClaimType" TEXT NULL,
          "ClaimValue" TEXT NULL,
          CONSTRAINT "FK_AspNetRoleClaims_AspNetRoles_RoleId" FOREIGN KEY ("RoleId") REFERENCES "AspNetRoles" ("Id") ON DELETE CASCADE
      );
info: Microsoft.EntityFrameworkCore.Database.Command[20101]
      Executed DbCommand (0ms) [Parameters=[], CommandType='Text', CommandTimeout='30']
      CREATE TABLE "Messages" (
          "Id" INTEGER NOT NULL CONSTRAINT "PK_Messages" PRIMARY KEY AUTOINCREMENT,
          "Text" TEXT NOT NULL
      );
info: Microsoft.EntityFrameworkCore.Database.Command[20101]
      Executed DbCommand (0ms) [Parameters=[], CommandType='Text', CommandTimeout='30']
      CREATE TABLE "AspNetRoleClaims" (
          "Id" INTEGER NOT NULL CONSTRAINT "PK_AspNetRoleClaims" PRIMARY KEY AUTOINCREMENT,
          "RoleId" TEXT NOT NULL,
          "ClaimType" TEXT NULL,
          "ClaimValue" TEXT NULL,
          CONSTRAINT "FK_AspNetRoleClaims_AspNetRoles_RoleId" FOREIGN KEY ("RoleId") REFERENCES "AspNetRoles" ("Id") ON DELETE CASCADE
      );
info: Microsoft.EntityFrameworkCore.Database.Command[20101]
      Executed DbCommand (1ms) [Parameters=[], CommandType='Text', CommandTimeout='30']
      CREATE TABLE "AspNetUsers" (
          "Id" TEXT NOT NULL CONSTRAINT "PK_AspNetUsers" PRIMARY KEY,
          "UserName" TEXT NULL,
          "NormalizedUserName" TEXT NULL,
          "Email" TEXT NULL,
          "NormalizedEmail" TEXT NULL,
          "EmailConfirmed" INTEGER NOT NULL,
          "PasswordHash" TEXT NULL,
          "SecurityStamp" TEXT NULL,
          "ConcurrencyStamp" TEXT NULL,
          "PhoneNumber" TEXT NULL,
          "PhoneNumberConfirmed" INTEGER NOT NULL,
          "TwoFactorEnabled" INTEGER NOT NULL,
          "LockoutEnd" TEXT NULL,
          "LockoutEnabled" INTEGER NOT NULL,
          "AccessFailedCount" INTEGER NOT NULL
      );
info: Microsoft.EntityFrameworkCore.Database.Command[20101]
      Executed DbCommand (0ms) [Parameters=[], CommandType='Text', CommandTimeout='30']
      CREATE TABLE "Messages" (
          "Id" INTEGER NOT NULL CONSTRAINT "PK_Messages" PRIMARY KEY AUTOINCREMENT,
          "Text" TEXT NOT NULL
      );
info: Microsoft.EntityFrameworkCore.Database.Command[20101]
      Executed DbCommand (0ms) [Parameters=[], CommandType='Text', CommandTimeout='30']
      CREATE TABLE "AspNetRoleClaims" (
          "Id" INTEGER NOT NULL CONSTRAINT "PK_AspNetRoleClaims" PRIMARY KEY AUTOINCREMENT,
          "RoleId" TEXT NOT NULL,
          "ClaimType" TEXT NULL,
          "ClaimValue" TEXT NULL,
          CONSTRAINT "FK_AspNetRoleClaims_AspNetRoles_RoleId" FOREIGN KEY ("RoleId") REFERENCES "AspNetRoles" ("Id") ON DELETE CASCADE
      );
info: Microsoft.EntityFrameworkCore.Database.Command[20101]
      Executed DbCommand (0ms) [Parameters=[], CommandType='Text', CommandTimeout='30']
      CREATE TABLE "AspNetUserClaims" (
          "Id" INTEGER NOT NULL CONSTRAINT "PK_AspNetUserClaims" PRIMARY KEY AUTOINCREMENT,
          "UserId" TEXT NOT NULL,
          "ClaimType" TEXT NULL,
          "ClaimValue" TEXT NULL,
          CONSTRAINT "FK_AspNetUserClaims_AspNetUsers_UserId" FOREIGN KEY ("UserId") REFERENCES "AspNetUsers" ("Id") ON DELETE CASCADE
      );
info: Microsoft.EntityFrameworkCore.Database.Command[20101]
      Executed DbCommand (0ms) [Parameters=[], CommandType='Text', CommandTimeout='30']
      CREATE TABLE "AspNetUserLogins" (
          "LoginProvider" TEXT NOT NULL,
          "ProviderKey" TEXT NOT NULL,
          "ProviderDisplayName" TEXT NULL,
          "UserId" TEXT NOT NULL,
          CONSTRAINT "PK_AspNetUserLogins" PRIMARY KEY ("LoginProvider", "ProviderKey"),
          CONSTRAINT "FK_AspNetUserLogins_AspNetUsers_UserId" FOREIGN KEY ("UserId") REFERENCES "AspNetUsers" ("Id") ON DELETE CASCADE
      );
info: Microsoft.EntityFrameworkCore.Database.Command[20101]
      Executed DbCommand (0ms) [Parameters=[], CommandType='Text', CommandTimeout='30']
      CREATE TABLE "AspNetUserClaims" (
          "Id" INTEGER NOT NULL CONSTRAINT "PK_AspNetUserClaims" PRIMARY KEY AUTOINCREMENT,
          "UserId" TEXT NOT NULL,
          "ClaimType" TEXT NULL,
          "ClaimValue" TEXT NULL,
          CONSTRAINT "FK_AspNetUserClaims_AspNetUsers_UserId" FOREIGN KEY ("UserId") REFERENCES "AspNetUsers" ("Id") ON DELETE CASCADE
      );
info: Microsoft.EntityFrameworkCore.Database.Command[20101]
      Executed DbCommand (1ms) [Parameters=[], CommandType='Text', CommandTimeout='30']
      CREATE TABLE "AspNetUserClaims" (
          "Id" INTEGER NOT NULL CONSTRAINT "PK_AspNetUserClaims" PRIMARY KEY AUTOINCREMENT,
          "UserId" TEXT NOT NULL,
          "ClaimType" TEXT NULL,
          "ClaimValue" TEXT NULL,
          CONSTRAINT "FK_AspNetUserClaims_AspNetUsers_UserId" FOREIGN KEY ("UserId") REFERENCES "AspNetUsers" ("Id") ON DELETE CASCADE
      );
info: Microsoft.EntityFrameworkCore.Database.Command[20101]
      Executed DbCommand (0ms) [Parameters=[], CommandType='Text', CommandTimeout='30']
      CREATE TABLE "AspNetUserLogins" (
          "LoginProvider" TEXT NOT NULL,
          "ProviderKey" TEXT NOT NULL,
          "ProviderDisplayName" TEXT NULL,
          "UserId" TEXT NOT NULL,
          CONSTRAINT "PK_AspNetUserLogins" PRIMARY KEY ("LoginProvider", "ProviderKey"),
          CONSTRAINT "FK_AspNetUserLogins_AspNetUsers_UserId" FOREIGN KEY ("UserId") REFERENCES "AspNetUsers" ("Id") ON DELETE CASCADE
      );
info: Microsoft.EntityFrameworkCore.Database.Command[20101]
      Executed DbCommand (0ms) [Parameters=[], CommandType='Text', CommandTimeout='30']
      CREATE TABLE "AspNetUserRoles" (
          "UserId" TEXT NOT NULL,
          "RoleId" TEXT NOT NULL,
          CONSTRAINT "PK_AspNetUserRoles" PRIMARY KEY ("UserId", "RoleId"),
          CONSTRAINT "FK_AspNetUserRoles_AspNetRoles_RoleId" FOREIGN KEY ("RoleId") REFERENCES "AspNetRoles" ("Id") ON DELETE CASCADE,
          CONSTRAINT "FK_AspNetUserRoles_AspNetUsers_UserId" FOREIGN KEY ("UserId") REFERENCES "AspNetUsers" ("Id") ON DELETE CASCADE
      );
info: Microsoft.EntityFrameworkCore.Database.Command[20101]
      Executed DbCommand (0ms) [Parameters=[], CommandType='Text', CommandTimeout='30']
      CREATE TABLE "AspNetUserTokens" (
          "UserId" TEXT NOT NULL,
          "LoginProvider" TEXT NOT NULL,
          "Name" TEXT NOT NULL,
          "Value" TEXT NULL,
          CONSTRAINT "PK_AspNetUserTokens" PRIMARY KEY ("UserId", "LoginProvider", "Name"),
          CONSTRAINT "FK_AspNetUserTokens_AspNetUsers_UserId" FOREIGN KEY ("UserId") REFERENCES "AspNetUsers" ("Id") ON DELETE CASCADE
      );
info: Microsoft.EntityFrameworkCore.Database.Command[20101]
      Executed DbCommand (0ms) [Parameters=[], CommandType='Text', CommandTimeout='30']
      CREATE INDEX "IX_AspNetRoleClaims_RoleId" ON "AspNetRoleClaims" ("RoleId");
info: Microsoft.EntityFrameworkCore.Database.Command[20101]
      Executed DbCommand (0ms) [Parameters=[], CommandType='Text', CommandTimeout='30']
      CREATE UNIQUE INDEX "RoleNameIndex" ON "AspNetRoles" ("NormalizedName");
info: Microsoft.EntityFrameworkCore.Database.Command[20101]
      Executed DbCommand (0ms) [Parameters=[], CommandType='Text', CommandTimeout='30']
      CREATE INDEX "IX_AspNetUserClaims_UserId" ON "AspNetUserClaims" ("UserId");
info: Microsoft.EntityFrameworkCore.Database.Command[20101]
      Executed DbCommand (0ms) [Parameters=[], CommandType='Text', CommandTimeout='30']
      CREATE INDEX "IX_AspNetUserLogins_UserId" ON "AspNetUserLogins" ("UserId");
info: Microsoft.EntityFrameworkCore.Database.Command[20101]
      Executed DbCommand (0ms) [Parameters=[], CommandType='Text', CommandTimeout='30']
      CREATE INDEX "IX_AspNetUserRoles_RoleId" ON "AspNetUserRoles" ("RoleId");
info: Microsoft.EntityFrameworkCore.Database.Command[20101]
      Executed DbCommand (0ms) [Parameters=[], CommandType='Text', CommandTimeout='30']
      CREATE INDEX "EmailIndex" ON "AspNetUsers" ("NormalizedEmail");
info: Microsoft.EntityFrameworkCore.Database.Command[20101]
      Executed DbCommand (0ms) [Parameters=[], CommandType='Text', CommandTimeout='30']
      CREATE TABLE "AspNetUserLogins" (
          "LoginProvider" TEXT NOT NULL,
          "ProviderKey" TEXT NOT NULL,
          "ProviderDisplayName" TEXT NULL,
          "UserId" TEXT NOT NULL,
          CONSTRAINT "PK_AspNetUserLogins" PRIMARY KEY ("LoginProvider", "ProviderKey"),
          CONSTRAINT "FK_AspNetUserLogins_AspNetUsers_UserId" FOREIGN KEY ("UserId") REFERENCES "AspNetUsers" ("Id") ON DELETE CASCADE
      );
info: Microsoft.EntityFrameworkCore.Database.Command[20101]
      Executed DbCommand (0ms) [Parameters=[], CommandType='Text', CommandTimeout='30']
      CREATE UNIQUE INDEX "UserNameIndex" ON "AspNetUsers" ("NormalizedUserName");
info: Microsoft.EntityFrameworkCore.Database.Command[20101]
      Executed DbCommand (4ms) [Parameters=[], CommandType='Text', CommandTimeout='30']
      CREATE TABLE "AspNetUserRoles" (
          "UserId" TEXT NOT NULL,
          "RoleId" TEXT NOT NULL,
          CONSTRAINT "PK_AspNetUserRoles" PRIMARY KEY ("UserId", "RoleId"),
          CONSTRAINT "FK_AspNetUserRoles_AspNetRoles_RoleId" FOREIGN KEY ("RoleId") REFERENCES "AspNetRoles" ("Id") ON DELETE CASCADE,
          CONSTRAINT "FK_AspNetUserRoles_AspNetUsers_UserId" FOREIGN KEY ("UserId") REFERENCES "AspNetUsers" ("Id") ON DELETE CASCADE
      );
info: Microsoft.EntityFrameworkCore.Database.Command[20101]
      Executed DbCommand (0ms) [Parameters=[], CommandType='Text', CommandTimeout='30']
      CREATE TABLE "AspNetUserTokens" (
          "UserId" TEXT NOT NULL,
          "LoginProvider" TEXT NOT NULL,
          "Name" TEXT NOT NULL,
          "Value" TEXT NULL,
          CONSTRAINT "PK_AspNetUserTokens" PRIMARY KEY ("UserId", "LoginProvider", "Name"),
          CONSTRAINT "FK_AspNetUserTokens_AspNetUsers_UserId" FOREIGN KEY ("UserId") REFERENCES "AspNetUsers" ("Id") ON DELETE CASCADE
      );
info: Microsoft.EntityFrameworkCore.Database.Command[20101]
      Executed DbCommand (0ms) [Parameters=[], CommandType='Text', CommandTimeout='30']
      CREATE INDEX "IX_AspNetRoleClaims_RoleId" ON "AspNetRoleClaims" ("RoleId");
info: Microsoft.EntityFrameworkCore.Database.Command[20101]
      Executed DbCommand (0ms) [Parameters=[], CommandType='Text', CommandTimeout='30']
      CREATE UNIQUE INDEX "RoleNameIndex" ON "AspNetRoles" ("NormalizedName");
info: Microsoft.EntityFrameworkCore.Database.Command[20101]
      Executed DbCommand (0ms) [Parameters=[], CommandType='Text', CommandTimeout='30']
      CREATE INDEX "IX_AspNetUserClaims_UserId" ON "AspNetUserClaims" ("UserId");
info: Microsoft.EntityFrameworkCore.Database.Command[20101]
      Executed DbCommand (3ms) [Parameters=[], CommandType='Text', CommandTimeout='30']
      CREATE TABLE "AspNetUserRoles" (
          "UserId" TEXT NOT NULL,
          "RoleId" TEXT NOT NULL,
          CONSTRAINT "PK_AspNetUserRoles" PRIMARY KEY ("UserId", "RoleId"),
          CONSTRAINT "FK_AspNetUserRoles_AspNetRoles_RoleId" FOREIGN KEY ("RoleId") REFERENCES "AspNetRoles" ("Id") ON DELETE CASCADE,
          CONSTRAINT "FK_AspNetUserRoles_AspNetUsers_UserId" FOREIGN KEY ("UserId") REFERENCES "AspNetUsers" ("Id") ON DELETE CASCADE
      );
info: Microsoft.EntityFrameworkCore.Database.Command[20101]
      Executed DbCommand (0ms) [Parameters=[], CommandType='Text', CommandTimeout='30']
      CREATE INDEX "IX_AspNetUserLogins_UserId" ON "AspNetUserLogins" ("UserId");
info: Microsoft.EntityFrameworkCore.Database.Command[20101]
      Executed DbCommand (0ms) [Parameters=[], CommandType='Text', CommandTimeout='30']
      CREATE TABLE "AspNetUserTokens" (
          "UserId" TEXT NOT NULL,
          "LoginProvider" TEXT NOT NULL,
          "Name" TEXT NOT NULL,
          "Value" TEXT NULL,
          CONSTRAINT "PK_AspNetUserTokens" PRIMARY KEY ("UserId", "LoginProvider", "Name"),
          CONSTRAINT "FK_AspNetUserTokens_AspNetUsers_UserId" FOREIGN KEY ("UserId") REFERENCES "AspNetUsers" ("Id") ON DELETE CASCADE
      );
info: Microsoft.EntityFrameworkCore.Database.Command[20101]
      Executed DbCommand (0ms) [Parameters=[], CommandType='Text', CommandTimeout='30']
      CREATE INDEX "IX_AspNetUserRoles_RoleId" ON "AspNetUserRoles" ("RoleId");
info: Microsoft.EntityFrameworkCore.Database.Command[20101]
      Executed DbCommand (0ms) [Parameters=[], CommandType='Text', CommandTimeout='30']
      CREATE INDEX "IX_AspNetRoleClaims_RoleId" ON "AspNetRoleClaims" ("RoleId");
info: Microsoft.EntityFrameworkCore.Database.Command[20101]
      Executed DbCommand (0ms) [Parameters=[], CommandType='Text', CommandTimeout='30']
      CREATE UNIQUE INDEX "RoleNameIndex" ON "AspNetRoles" ("NormalizedName");
info: Microsoft.EntityFrameworkCore.Database.Command[20101]
      Executed DbCommand (0ms) [Parameters=[], CommandType='Text', CommandTimeout='30']
      CREATE INDEX "EmailIndex" ON "AspNetUsers" ("NormalizedEmail");
info: Microsoft.EntityFrameworkCore.Database.Command[20101]
      Executed DbCommand (0ms) [Parameters=[], CommandType='Text', CommandTimeout='30']
      CREATE INDEX "IX_AspNetUserClaims_UserId" ON "AspNetUserClaims" ("UserId");
info: Microsoft.EntityFrameworkCore.Database.Command[20101]
      Executed DbCommand (1ms) [Parameters=[], CommandType='Text', CommandTimeout='30']
      CREATE UNIQUE INDEX "UserNameIndex" ON "AspNetUsers" ("NormalizedUserName");
info: Microsoft.EntityFrameworkCore.Database.Command[20101]
      Executed DbCommand (0ms) [Parameters=[], CommandType='Text', CommandTimeout='30']
      CREATE INDEX "IX_AspNetUserLogins_UserId" ON "AspNetUserLogins" ("UserId");
info: Microsoft.EntityFrameworkCore.Database.Command[20101]
      Executed DbCommand (0ms) [Parameters=[], CommandType='Text', CommandTimeout='30']
      CREATE INDEX "IX_AspNetUserRoles_RoleId" ON "AspNetUserRoles" ("RoleId");
info: Microsoft.EntityFrameworkCore.Database.Command[20101]
      Executed DbCommand (0ms) [Parameters=[], CommandType='Text', CommandTimeout='30']
      CREATE INDEX "EmailIndex" ON "AspNetUsers" ("NormalizedEmail");
info: Microsoft.EntityFrameworkCore.Database.Command[20101]
      Executed DbCommand (0ms) [Parameters=[], CommandType='Text', CommandTimeout='30']
      CREATE UNIQUE INDEX "UserNameIndex" ON "AspNetUsers" ("NormalizedUserName");
info: Microsoft.EntityFrameworkCore.Database.Command[20101]
      Executed DbCommand (0ms) [Parameters=[], CommandType='Text', CommandTimeout='30']
      SELECT EXISTS (
          SELECT 1
          FROM "Messages" AS "m")
info: Microsoft.EntityFrameworkCore.Database.Command[20101]
      Executed DbCommand (0ms) [Parameters=[], CommandType='Text', CommandTimeout='30']
      SELECT EXISTS (
          SELECT 1
          FROM "Messages" AS "m")
info: Microsoft.EntityFrameworkCore.Database.Command[20101]
      Executed DbCommand (0ms) [Parameters=[], CommandType='Text', CommandTimeout='30']
      SELECT EXISTS (
          SELECT 1
          FROM "Messages" AS "m")
info: Microsoft.EntityFrameworkCore.Database.Command[20101]
      Executed DbCommand (4ms) [Parameters=[@p0='?' (Size = 28)], CommandType='Text', CommandTimeout='30']
      INSERT INTO "Messages" ("Text")
      VALUES (@p0)
      RETURNING "Id";
info: Microsoft.EntityFrameworkCore.Database.Command[20101]
      Executed DbCommand (3ms) [Parameters=[@p0='?' (Size = 28)], CommandType='Text', CommandTimeout='30']
      INSERT INTO "Messages" ("Text")
      VALUES (@p0)
      RETURNING "Id";
info: Microsoft.EntityFrameworkCore.Database.Command[20101]
      Executed DbCommand (2ms) [Parameters=[@p0='?' (Size = 28)], CommandType='Text', CommandTimeout='30']
      INSERT INTO "Messages" ("Text")
      VALUES (@p0)
      RETURNING "Id";
info: Microsoft.EntityFrameworkCore.Database.Command[20101]
      Executed DbCommand (0ms) [Parameters=[@p0='?' (Size = 28)], CommandType='Text', CommandTimeout='30']
      INSERT INTO "Messages" ("Text")
      VALUES (@p0)
      RETURNING "Id";
info: Microsoft.EntityFrameworkCore.Database.Command[20101]
      Executed DbCommand (0ms) [Parameters=[@p0='?' (Size = 64)], CommandType='Text', CommandTimeout='30']
      INSERT INTO "Messages" ("Text")
      VALUES (@p0)
      RETURNING "Id";
info: Microsoft.EntityFrameworkCore.Database.Command[20101]
      Executed DbCommand (0ms) [Parameters=[@p0='?' (Size = 28)], CommandType='Text', CommandTimeout='30']
      INSERT INTO "Messages" ("Text")
      VALUES (@p0)
      RETURNING "Id";
info: Microsoft.EntityFrameworkCore.Database.Command[20101]
      Executed DbCommand (0ms) [Parameters=[@p0='?' (Size = 64)], CommandType='Text', CommandTimeout='30']
      INSERT INTO "Messages" ("Text")
      VALUES (@p0)
      RETURNING "Id";
info: Microsoft.EntityFrameworkCore.Database.Command[20101]
      Executed DbCommand (0ms) [Parameters=[@p0='?' (Size = 28)], CommandType='Text', CommandTimeout='30']
      INSERT INTO "Messages" ("Text")
      VALUES (@p0)
      RETURNING "Id";
info: Microsoft.EntityFrameworkCore.Database.Command[20101]
      Executed DbCommand (0ms) [Parameters=[@p0='?' (Size = 64)], CommandType='Text', CommandTimeout='30']
      INSERT INTO "Messages" ("Text")
      VALUES (@p0)
      RETURNING "Id";
info: Microsoft.EntityFrameworkCore.Database.Command[20101]
      Executed DbCommand (2ms) [Parameters=[], CommandType='Text', CommandTimeout='30']
      SELECT "m"."Id", "m"."Text"
      FROM "Messages" AS "m"
      ORDER BY "m"."Text"
info: Microsoft.EntityFrameworkCore.Database.Command[20101]
      Executed DbCommand (0ms) [Parameters=[], CommandType='Text', CommandTimeout='30']
      SELECT COUNT(*) FROM "sqlite_master" WHERE "type" = 'table' AND "rootpage" IS NOT NULL;
info: Microsoft.EntityFrameworkCore.Database.Command[20101]
      Executed DbCommand (0ms) [Parameters=[], CommandType='Text', CommandTimeout='30']
      SELECT "m"."Id", "m"."Text"
      FROM "Messages" AS "m"
      ORDER BY "m"."Text"
info: Microsoft.EntityFrameworkCore.Database.Command[20101]
      Executed DbCommand (0ms) [Parameters=[], CommandType='Text', CommandTimeout='30']
      CREATE TABLE "AspNetRoles" (
          "Id" TEXT NOT NULL CONSTRAINT "PK_AspNetRoles" PRIMARY KEY,
          "Name" TEXT NULL,
          "NormalizedName" TEXT NULL,
          "ConcurrencyStamp" TEXT NULL
      );
info: Microsoft.EntityFrameworkCore.Database.Command[20101]
      Executed DbCommand (0ms) [Parameters=[], CommandType='Text', CommandTimeout='30']
      CREATE TABLE "AspNetUsers" (
          "Id" TEXT NOT NULL CONSTRAINT "PK_AspNetUsers" PRIMARY KEY,
          "UserName" TEXT NULL,
          "NormalizedUserName" TEXT NULL,
          "Email" TEXT NULL,
          "NormalizedEmail" TEXT NULL,
          "EmailConfirmed" INTEGER NOT NULL,
          "PasswordHash" TEXT NULL,
          "SecurityStamp" TEXT NULL,
          "ConcurrencyStamp" TEXT NULL,
          "PhoneNumber" TEXT NULL,
          "PhoneNumberConfirmed" INTEGER NOT NULL,
          "TwoFactorEnabled" INTEGER NOT NULL,
          "LockoutEnd" TEXT NULL,
          "LockoutEnabled" INTEGER NOT NULL,
          "AccessFailedCount" INTEGER NOT NULL
      );
info: Microsoft.EntityFrameworkCore.Database.Command[20101]
      Executed DbCommand (0ms) [Parameters=[], CommandType='Text', CommandTimeout='30']
      CREATE TABLE "Messages" (
          "Id" INTEGER NOT NULL CONSTRAINT "PK_Messages" PRIMARY KEY AUTOINCREMENT,
          "Text" TEXT NOT NULL
      );
info: Microsoft.EntityFrameworkCore.Database.Command[20101]
      Executed DbCommand (0ms) [Parameters=[], CommandType='Text', CommandTimeout='30']
      CREATE TABLE "AspNetRoleClaims" (
          "Id" INTEGER NOT NULL CONSTRAINT "PK_AspNetRoleClaims" PRIMARY KEY AUTOINCREMENT,
          "RoleId" TEXT NOT NULL,
          "ClaimType" TEXT NULL,
          "ClaimValue" TEXT NULL,
          CONSTRAINT "FK_AspNetRoleClaims_AspNetRoles_RoleId" FOREIGN KEY ("RoleId") REFERENCES "AspNetRoles" ("Id") ON DELETE CASCADE
      );
info: Microsoft.EntityFrameworkCore.Database.Command[20101]
      Executed DbCommand (0ms) [Parameters=[], CommandType='Text', CommandTimeout='30']
      CREATE TABLE "AspNetUserClaims" (
          "Id" INTEGER NOT NULL CONSTRAINT "PK_AspNetUserClaims" PRIMARY KEY AUTOINCREMENT,
          "UserId" TEXT NOT NULL,
          "ClaimType" TEXT NULL,
          "ClaimValue" TEXT NULL,
          CONSTRAINT "FK_AspNetUserClaims_AspNetUsers_UserId" FOREIGN KEY ("UserId") REFERENCES "AspNetUsers" ("Id") ON DELETE CASCADE
      );
info: Microsoft.EntityFrameworkCore.Database.Command[20101]
      Executed DbCommand (0ms) [Parameters=[], CommandType='Text', CommandTimeout='30']
      CREATE TABLE "AspNetUserLogins" (
          "LoginProvider" TEXT NOT NULL,
          "ProviderKey" TEXT NOT NULL,
          "ProviderDisplayName" TEXT NULL,
          "UserId" TEXT NOT NULL,
          CONSTRAINT "PK_AspNetUserLogins" PRIMARY KEY ("LoginProvider", "ProviderKey"),
          CONSTRAINT "FK_AspNetUserLogins_AspNetUsers_UserId" FOREIGN KEY ("UserId") REFERENCES "AspNetUsers" ("Id") ON DELETE CASCADE
      );
info: Microsoft.EntityFrameworkCore.Database.Command[20101]
      Executed DbCommand (0ms) [Parameters=[], CommandType='Text', CommandTimeout='30']
      CREATE TABLE "AspNetUserRoles" (
          "UserId" TEXT NOT NULL,
          "RoleId" TEXT NOT NULL,
          CONSTRAINT "PK_AspNetUserRoles" PRIMARY KEY ("UserId", "RoleId"),
          CONSTRAINT "FK_AspNetUserRoles_AspNetRoles_RoleId" FOREIGN KEY ("RoleId") REFERENCES "AspNetRoles" ("Id") ON DELETE CASCADE,
          CONSTRAINT "FK_AspNetUserRoles_AspNetUsers_UserId" FOREIGN KEY ("UserId") REFERENCES "AspNetUsers" ("Id") ON DELETE CASCADE
      );
info: Microsoft.EntityFrameworkCore.Database.Command[20101]
      Executed DbCommand (0ms) [Parameters=[], CommandType='Text', CommandTimeout='30']
      CREATE TABLE "AspNetUserTokens" (
          "UserId" TEXT NOT NULL,
          "LoginProvider" TEXT NOT NULL,
          "Name" TEXT NOT NULL,
          "Value" TEXT NULL,
          CONSTRAINT "PK_AspNetUserTokens" PRIMARY KEY ("UserId", "LoginProvider", "Name"),
          CONSTRAINT "FK_AspNetUserTokens_AspNetUsers_UserId" FOREIGN KEY ("UserId") REFERENCES "AspNetUsers" ("Id") ON DELETE CASCADE
      );
info: Microsoft.EntityFrameworkCore.Database.Command[20101]
      Executed DbCommand (0ms) [Parameters=[], CommandType='Text', CommandTimeout='30']
      CREATE INDEX "IX_AspNetRoleClaims_RoleId" ON "AspNetRoleClaims" ("RoleId");
info: Microsoft.EntityFrameworkCore.Database.Command[20101]
      Executed DbCommand (0ms) [Parameters=[], CommandType='Text', CommandTimeout='30']
      CREATE UNIQUE INDEX "RoleNameIndex" ON "AspNetRoles" ("NormalizedName");
info: Microsoft.EntityFrameworkCore.Database.Command[20101]
      Executed DbCommand (0ms) [Parameters=[], CommandType='Text', CommandTimeout='30']
      CREATE INDEX "IX_AspNetUserClaims_UserId" ON "AspNetUserClaims" ("UserId");
info: Microsoft.EntityFrameworkCore.Database.Command[20101]
      Executed DbCommand (0ms) [Parameters=[], CommandType='Text', CommandTimeout='30']
      CREATE INDEX "IX_AspNetUserLogins_UserId" ON "AspNetUserLogins" ("UserId");
info: Microsoft.EntityFrameworkCore.Database.Command[20101]
      Executed DbCommand (0ms) [Parameters=[], CommandType='Text', CommandTimeout='30']
      CREATE INDEX "IX_AspNetUserRoles_RoleId" ON "AspNetUserRoles" ("RoleId");
info: Microsoft.EntityFrameworkCore.Database.Command[20101]
      Executed DbCommand (0ms) [Parameters=[], CommandType='Text', CommandTimeout='30']
      CREATE INDEX "EmailIndex" ON "AspNetUsers" ("NormalizedEmail");
info: Microsoft.EntityFrameworkCore.Database.Command[20101]
      Executed DbCommand (0ms) [Parameters=[], CommandType='Text', CommandTimeout='30']
      CREATE UNIQUE INDEX "UserNameIndex" ON "AspNetUsers" ("NormalizedUserName");
info: Microsoft.EntityFrameworkCore.Database.Command[20101]
      Executed DbCommand (0ms) [Parameters=[], CommandType='Text', CommandTimeout='30']
      SELECT EXISTS (
          SELECT 1
          FROM "Messages" AS "m")
info: Microsoft.EntityFrameworkCore.Database.Command[20101]
      Executed DbCommand (0ms) [Parameters=[@p0='?' (Size = 28)], CommandType='Text', CommandTimeout='30']
      INSERT INTO "Messages" ("Text")
      VALUES (@p0)
      RETURNING "Id";
info: Microsoft.EntityFrameworkCore.Database.Command[20101]
      Executed DbCommand (0ms) [Parameters=[@p0='?' (Size = 28)], CommandType='Text', CommandTimeout='30']
      INSERT INTO "Messages" ("Text")
      VALUES (@p0)
      RETURNING "Id";
info: Microsoft.EntityFrameworkCore.Database.Command[20101]
      Executed DbCommand (0ms) [Parameters=[@p0='?' (Size = 64)], CommandType='Text', CommandTimeout='30']
      INSERT INTO "Messages" ("Text")
      VALUES (@p0)
      RETURNING "Id";
info: Microsoft.EntityFrameworkCore.Database.Command[20101]
      Executed DbCommand (0ms) [Parameters=[], CommandType='Text', CommandTimeout='30']
      SELECT "m"."Id", "m"."Text"
      FROM "Messages" AS "m"
      ORDER BY "m"."Text"
info: Microsoft.EntityFrameworkCore.Database.Command[20101]
      Executed DbCommand (0ms) [Parameters=[], CommandType='Text', CommandTimeout='30']
      SELECT COUNT(*) FROM "sqlite_master" WHERE "type" = 'table' AND "rootpage" IS NOT NULL;
info: Microsoft.EntityFrameworkCore.Database.Command[20101]
      Executed DbCommand (0ms) [Parameters=[], CommandType='Text', CommandTimeout='30']
      CREATE TABLE "AspNetRoles" (
          "Id" TEXT NOT NULL CONSTRAINT "PK_AspNetRoles" PRIMARY KEY,
          "Name" TEXT NULL,
          "NormalizedName" TEXT NULL,
          "ConcurrencyStamp" TEXT NULL
      );
info: Microsoft.EntityFrameworkCore.Database.Command[20101]
      Executed DbCommand (0ms) [Parameters=[], CommandType='Text', CommandTimeout='30']
      CREATE TABLE "AspNetUsers" (
          "Id" TEXT NOT NULL CONSTRAINT "PK_AspNetUsers" PRIMARY KEY,
          "UserName" TEXT NULL,
          "NormalizedUserName" TEXT NULL,
          "Email" TEXT NULL,
          "NormalizedEmail" TEXT NULL,
          "EmailConfirmed" INTEGER NOT NULL,
          "PasswordHash" TEXT NULL,
          "SecurityStamp" TEXT NULL,
          "ConcurrencyStamp" TEXT NULL,
          "PhoneNumber" TEXT NULL,
          "PhoneNumberConfirmed" INTEGER NOT NULL,
          "TwoFactorEnabled" INTEGER NOT NULL,
          "LockoutEnd" TEXT NULL,
          "LockoutEnabled" INTEGER NOT NULL,
          "AccessFailedCount" INTEGER NOT NULL
      );
info: Microsoft.EntityFrameworkCore.Database.Command[20101]
      Executed DbCommand (0ms) [Parameters=[], CommandType='Text', CommandTimeout='30']
      CREATE TABLE "Messages" (
          "Id" INTEGER NOT NULL CONSTRAINT "PK_Messages" PRIMARY KEY AUTOINCREMENT,
          "Text" TEXT NOT NULL
      );
info: Microsoft.EntityFrameworkCore.Database.Command[20101]
      Executed DbCommand (0ms) [Parameters=[], CommandType='Text', CommandTimeout='30']
      CREATE TABLE "AspNetRoleClaims" (
          "Id" INTEGER NOT NULL CONSTRAINT "PK_AspNetRoleClaims" PRIMARY KEY AUTOINCREMENT,
          "RoleId" TEXT NOT NULL,
          "ClaimType" TEXT NULL,
          "ClaimValue" TEXT NULL,
          CONSTRAINT "FK_AspNetRoleClaims_AspNetRoles_RoleId" FOREIGN KEY ("RoleId") REFERENCES "AspNetRoles" ("Id") ON DELETE CASCADE
      );
info: Microsoft.EntityFrameworkCore.Database.Command[20101]
      Executed DbCommand (0ms) [Parameters=[], CommandType='Text', CommandTimeout='30']
      CREATE TABLE "AspNetUserClaims" (
          "Id" INTEGER NOT NULL CONSTRAINT "PK_AspNetUserClaims" PRIMARY KEY AUTOINCREMENT,
          "UserId" TEXT NOT NULL,
          "ClaimType" TEXT NULL,
          "ClaimValue" TEXT NULL,
          CONSTRAINT "FK_AspNetUserClaims_AspNetUsers_UserId" FOREIGN KEY ("UserId") REFERENCES "AspNetUsers" ("Id") ON DELETE CASCADE
      );
info: Microsoft.EntityFrameworkCore.Database.Command[20101]
      Executed DbCommand (0ms) [Parameters=[], CommandType='Text', CommandTimeout='30']
      CREATE TABLE "AspNetUserLogins" (
          "LoginProvider" TEXT NOT NULL,
          "ProviderKey" TEXT NOT NULL,
          "ProviderDisplayName" TEXT NULL,
          "UserId" TEXT NOT NULL,
          CONSTRAINT "PK_AspNetUserLogins" PRIMARY KEY ("LoginProvider", "ProviderKey"),
          CONSTRAINT "FK_AspNetUserLogins_AspNetUsers_UserId" FOREIGN KEY ("UserId") REFERENCES "AspNetUsers" ("Id") ON DELETE CASCADE
      );
info: Microsoft.EntityFrameworkCore.Database.Command[20101]
      Executed DbCommand (0ms) [Parameters=[], CommandType='Text', CommandTimeout='30']
      CREATE TABLE "AspNetUserRoles" (
          "UserId" TEXT NOT NULL,
          "RoleId" TEXT NOT NULL,
          CONSTRAINT "PK_AspNetUserRoles" PRIMARY KEY ("UserId", "RoleId"),
          CONSTRAINT "FK_AspNetUserRoles_AspNetRoles_RoleId" FOREIGN KEY ("RoleId") REFERENCES "AspNetRoles" ("Id") ON DELETE CASCADE,
          CONSTRAINT "FK_AspNetUserRoles_AspNetUsers_UserId" FOREIGN KEY ("UserId") REFERENCES "AspNetUsers" ("Id") ON DELETE CASCADE
      );
info: Microsoft.EntityFrameworkCore.Database.Command[20101]
      Executed DbCommand (0ms) [Parameters=[], CommandType='Text', CommandTimeout='30']
      CREATE TABLE "AspNetUserTokens" (
          "UserId" TEXT NOT NULL,
          "LoginProvider" TEXT NOT NULL,
          "Name" TEXT NOT NULL,
          "Value" TEXT NULL,
          CONSTRAINT "PK_AspNetUserTokens" PRIMARY KEY ("UserId", "LoginProvider", "Name"),
          CONSTRAINT "FK_AspNetUserTokens_AspNetUsers_UserId" FOREIGN KEY ("UserId") REFERENCES "AspNetUsers" ("Id") ON DELETE CASCADE
      );
info: Microsoft.EntityFrameworkCore.Database.Command[20101]
      Executed DbCommand (0ms) [Parameters=[], CommandType='Text', CommandTimeout='30']
      CREATE INDEX "IX_AspNetRoleClaims_RoleId" ON "AspNetRoleClaims" ("RoleId");
info: Microsoft.EntityFrameworkCore.Database.Command[20101]
      Executed DbCommand (1ms) [Parameters=[], CommandType='Text', CommandTimeout='30']
      CREATE UNIQUE INDEX "RoleNameIndex" ON "AspNetRoles" ("NormalizedName");
info: Microsoft.EntityFrameworkCore.Database.Command[20101]
      Executed DbCommand (0ms) [Parameters=[], CommandType='Text', CommandTimeout='30']
      CREATE INDEX "IX_AspNetUserClaims_UserId" ON "AspNetUserClaims" ("UserId");
info: Microsoft.EntityFrameworkCore.Database.Command[20101]
      Executed DbCommand (0ms) [Parameters=[], CommandType='Text', CommandTimeout='30']
      CREATE INDEX "IX_AspNetUserLogins_UserId" ON "AspNetUserLogins" ("UserId");
info: Microsoft.EntityFrameworkCore.Database.Command[20101]
      Executed DbCommand (0ms) [Parameters=[], CommandType='Text', CommandTimeout='30']
      CREATE INDEX "IX_AspNetUserRoles_RoleId" ON "AspNetUserRoles" ("RoleId");
info: Microsoft.EntityFrameworkCore.Database.Command[20101]
      Executed DbCommand (0ms) [Parameters=[], CommandType='Text', CommandTimeout='30']
      CREATE INDEX "EmailIndex" ON "AspNetUsers" ("NormalizedEmail");
info: Microsoft.EntityFrameworkCore.Database.Command[20101]
      Executed DbCommand (0ms) [Parameters=[], CommandType='Text', CommandTimeout='30']
      CREATE UNIQUE INDEX "UserNameIndex" ON "AspNetUsers" ("NormalizedUserName");
info: Microsoft.EntityFrameworkCore.Database.Command[20101]
      Executed DbCommand (0ms) [Parameters=[], CommandType='Text', CommandTimeout='30']
      SELECT EXISTS (
          SELECT 1
          FROM "Messages" AS "m")
info: Microsoft.EntityFrameworkCore.Database.Command[20101]
      Executed DbCommand (0ms) [Parameters=[@p0='?' (Size = 28)], CommandType='Text', CommandTimeout='30']
      INSERT INTO "Messages" ("Text")
      VALUES (@p0)
      RETURNING "Id";
info: Microsoft.EntityFrameworkCore.Database.Command[20101]
      Executed DbCommand (0ms) [Parameters=[@p0='?' (Size = 28)], CommandType='Text', CommandTimeout='30']
      INSERT INTO "Messages" ("Text")
      VALUES (@p0)
      RETURNING "Id";
info: Microsoft.EntityFrameworkCore.Database.Command[20101]
      Executed DbCommand (0ms) [Parameters=[@p0='?' (Size = 64)], CommandType='Text', CommandTimeout='30']
      INSERT INTO "Messages" ("Text")
      VALUES (@p0)
      RETURNING "Id";
info: Microsoft.EntityFrameworkCore.Database.Command[20101]
      Executed DbCommand (0ms) [Parameters=[], CommandType='Text', CommandTimeout='30']
      SELECT "m"."Id", "m"."Text"
      FROM "Messages" AS "m"
      ORDER BY "m"."Text"
info: Microsoft.EntityFrameworkCore.Database.Command[20101]
      Executed DbCommand (0ms) [Parameters=[], CommandType='Text', CommandTimeout='30']
      SELECT COUNT(*) FROM "sqlite_master" WHERE "type" = 'table' AND "rootpage" IS NOT NULL;
info: Microsoft.EntityFrameworkCore.Database.Command[20101]
      Executed DbCommand (0ms) [Parameters=[], CommandType='Text', CommandTimeout='30']
      CREATE TABLE "AspNetRoles" (
          "Id" TEXT NOT NULL CONSTRAINT "PK_AspNetRoles" PRIMARY KEY,
          "Name" TEXT NULL,
          "NormalizedName" TEXT NULL,
          "ConcurrencyStamp" TEXT NULL
      );
info: Microsoft.EntityFrameworkCore.Database.Command[20101]
      Executed DbCommand (0ms) [Parameters=[], CommandType='Text', CommandTimeout='30']
      CREATE TABLE "AspNetUsers" (
          "Id" TEXT NOT NULL CONSTRAINT "PK_AspNetUsers" PRIMARY KEY,
          "UserName" TEXT NULL,
          "NormalizedUserName" TEXT NULL,
          "Email" TEXT NULL,
          "NormalizedEmail" TEXT NULL,
          "EmailConfirmed" INTEGER NOT NULL,
          "PasswordHash" TEXT NULL,
          "SecurityStamp" TEXT NULL,
          "ConcurrencyStamp" TEXT NULL,
          "PhoneNumber" TEXT NULL,
          "PhoneNumberConfirmed" INTEGER NOT NULL,
          "TwoFactorEnabled" INTEGER NOT NULL,
          "LockoutEnd" TEXT NULL,
          "LockoutEnabled" INTEGER NOT NULL,
          "AccessFailedCount" INTEGER NOT NULL
      );
info: Microsoft.EntityFrameworkCore.Database.Command[20101]
      Executed DbCommand (0ms) [Parameters=[], CommandType='Text', CommandTimeout='30']
      CREATE TABLE "Messages" (
          "Id" INTEGER NOT NULL CONSTRAINT "PK_Messages" PRIMARY KEY AUTOINCREMENT,
          "Text" TEXT NOT NULL
      );
info: Microsoft.EntityFrameworkCore.Database.Command[20101]
      Executed DbCommand (0ms) [Parameters=[], CommandType='Text', CommandTimeout='30']
      CREATE TABLE "AspNetRoleClaims" (
          "Id" INTEGER NOT NULL CONSTRAINT "PK_AspNetRoleClaims" PRIMARY KEY AUTOINCREMENT,
          "RoleId" TEXT NOT NULL,
          "ClaimType" TEXT NULL,
          "ClaimValue" TEXT NULL,
          CONSTRAINT "FK_AspNetRoleClaims_AspNetRoles_RoleId" FOREIGN KEY ("RoleId") REFERENCES "AspNetRoles" ("Id") ON DELETE CASCADE
      );
info: Microsoft.EntityFrameworkCore.Database.Command[20101]
      Executed DbCommand (0ms) [Parameters=[], CommandType='Text', CommandTimeout='30']
      CREATE TABLE "AspNetUserClaims" (
          "Id" INTEGER NOT NULL CONSTRAINT "PK_AspNetUserClaims" PRIMARY KEY AUTOINCREMENT,
          "UserId" TEXT NOT NULL,
          "ClaimType" TEXT NULL,
          "ClaimValue" TEXT NULL,
          CONSTRAINT "FK_AspNetUserClaims_AspNetUsers_UserId" FOREIGN KEY ("UserId") REFERENCES "AspNetUsers" ("Id") ON DELETE CASCADE
      );
info: Microsoft.EntityFrameworkCore.Database.Command[20101]
      Executed DbCommand (0ms) [Parameters=[], CommandType='Text', CommandTimeout='30']
      CREATE TABLE "AspNetUserLogins" (
          "LoginProvider" TEXT NOT NULL,
          "ProviderKey" TEXT NOT NULL,
          "ProviderDisplayName" TEXT NULL,
          "UserId" TEXT NOT NULL,
          CONSTRAINT "PK_AspNetUserLogins" PRIMARY KEY ("LoginProvider", "ProviderKey"),
          CONSTRAINT "FK_AspNetUserLogins_AspNetUsers_UserId" FOREIGN KEY ("UserId") REFERENCES "AspNetUsers" ("Id") ON DELETE CASCADE
      );
info: Microsoft.EntityFrameworkCore.Database.Command[20101]
      Executed DbCommand (0ms) [Parameters=[], CommandType='Text', CommandTimeout='30']
      CREATE TABLE "AspNetUserRoles" (
          "UserId" TEXT NOT NULL,
          "RoleId" TEXT NOT NULL,
          CONSTRAINT "PK_AspNetUserRoles" PRIMARY KEY ("UserId", "RoleId"),
          CONSTRAINT "FK_AspNetUserRoles_AspNetRoles_RoleId" FOREIGN KEY ("RoleId") REFERENCES "AspNetRoles" ("Id") ON DELETE CASCADE,
          CONSTRAINT "FK_AspNetUserRoles_AspNetUsers_UserId" FOREIGN KEY ("UserId") REFERENCES "AspNetUsers" ("Id") ON DELETE CASCADE
      );
info: Microsoft.EntityFrameworkCore.Database.Command[20101]
      Executed DbCommand (0ms) [Parameters=[], CommandType='Text', CommandTimeout='30']
      CREATE TABLE "AspNetUserTokens" (
          "UserId" TEXT NOT NULL,
          "LoginProvider" TEXT NOT NULL,
          "Name" TEXT NOT NULL,
          "Value" TEXT NULL,
          CONSTRAINT "PK_AspNetUserTokens" PRIMARY KEY ("UserId", "LoginProvider", "Name"),
          CONSTRAINT "FK_AspNetUserTokens_AspNetUsers_UserId" FOREIGN KEY ("UserId") REFERENCES "AspNetUsers" ("Id") ON DELETE CASCADE
      );
info: Microsoft.EntityFrameworkCore.Database.Command[20101]
      Executed DbCommand (0ms) [Parameters=[], CommandType='Text', CommandTimeout='30']
      CREATE INDEX "IX_AspNetRoleClaims_RoleId" ON "AspNetRoleClaims" ("RoleId");
info: Microsoft.EntityFrameworkCore.Database.Command[20101]
      Executed DbCommand (0ms) [Parameters=[], CommandType='Text', CommandTimeout='30']
      CREATE UNIQUE INDEX "RoleNameIndex" ON "AspNetRoles" ("NormalizedName");
info: Microsoft.EntityFrameworkCore.Database.Command[20101]
      Executed DbCommand (0ms) [Parameters=[], CommandType='Text', CommandTimeout='30']
      CREATE INDEX "IX_AspNetUserClaims_UserId" ON "AspNetUserClaims" ("UserId");
info: Microsoft.EntityFrameworkCore.Database.Command[20101]
      Executed DbCommand (0ms) [Parameters=[], CommandType='Text', CommandTimeout='30']
      CREATE INDEX "IX_AspNetUserLogins_UserId" ON "AspNetUserLogins" ("UserId");
info: Microsoft.EntityFrameworkCore.Database.Command[20101]
      Executed DbCommand (0ms) [Parameters=[], CommandType='Text', CommandTimeout='30']
      CREATE INDEX "IX_AspNetUserRoles_RoleId" ON "AspNetUserRoles" ("RoleId");
info: Microsoft.EntityFrameworkCore.Database.Command[20101]
      Executed DbCommand (0ms) [Parameters=[], CommandType='Text', CommandTimeout='30']
      CREATE INDEX "EmailIndex" ON "AspNetUsers" ("NormalizedEmail");
info: Microsoft.EntityFrameworkCore.Database.Command[20101]
      Executed DbCommand (0ms) [Parameters=[], CommandType='Text', CommandTimeout='30']
      CREATE UNIQUE INDEX "UserNameIndex" ON "AspNetUsers" ("NormalizedUserName");
info: Microsoft.EntityFrameworkCore.Database.Command[20101]
      Executed DbCommand (0ms) [Parameters=[], CommandType='Text', CommandTimeout='30']
      SELECT EXISTS (
          SELECT 1
          FROM "Messages" AS "m")
info: Microsoft.EntityFrameworkCore.Database.Command[20101]
      Executed DbCommand (0ms) [Parameters=[@p0='?' (Size = 28)], CommandType='Text', CommandTimeout='30']
      INSERT INTO "Messages" ("Text")
      VALUES (@p0)
      RETURNING "Id";
info: Microsoft.EntityFrameworkCore.Database.Command[20101]
      Executed DbCommand (0ms) [Parameters=[@p0='?' (Size = 28)], CommandType='Text', CommandTimeout='30']
      INSERT INTO "Messages" ("Text")
      VALUES (@p0)
      RETURNING "Id";
info: Microsoft.EntityFrameworkCore.Database.Command[20101]
      Executed DbCommand (0ms) [Parameters=[@p0='?' (Size = 64)], CommandType='Text', CommandTimeout='30']
      INSERT INTO "Messages" ("Text")
      VALUES (@p0)
      RETURNING "Id";
info: Microsoft.EntityFrameworkCore.Database.Command[20101]
      Executed DbCommand (0ms) [Parameters=[], CommandType='Text', CommandTimeout='30']
      SELECT COUNT(*) FROM "sqlite_master" WHERE "type" = 'table' AND "rootpage" IS NOT NULL;
info: Microsoft.EntityFrameworkCore.Database.Command[20101]
      Executed DbCommand (0ms) [Parameters=[], CommandType='Text', CommandTimeout='30']
      CREATE TABLE "AspNetRoles" (
          "Id" TEXT NOT NULL CONSTRAINT "PK_AspNetRoles" PRIMARY KEY,
          "Name" TEXT NULL,
          "NormalizedName" TEXT NULL,
          "ConcurrencyStamp" TEXT NULL
      );
info: Microsoft.EntityFrameworkCore.Database.Command[20101]
      Executed DbCommand (0ms) [Parameters=[], CommandType='Text', CommandTimeout='30']
      CREATE TABLE "AspNetUsers" (
          "Id" TEXT NOT NULL CONSTRAINT "PK_AspNetUsers" PRIMARY KEY,
          "UserName" TEXT NULL,
          "NormalizedUserName" TEXT NULL,
          "Email" TEXT NULL,
          "NormalizedEmail" TEXT NULL,
          "EmailConfirmed" INTEGER NOT NULL,
          "PasswordHash" TEXT NULL,
          "SecurityStamp" TEXT NULL,
          "ConcurrencyStamp" TEXT NULL,
          "PhoneNumber" TEXT NULL,
          "PhoneNumberConfirmed" INTEGER NOT NULL,
          "TwoFactorEnabled" INTEGER NOT NULL,
          "LockoutEnd" TEXT NULL,
          "LockoutEnabled" INTEGER NOT NULL,
          "AccessFailedCount" INTEGER NOT NULL
      );
info: Microsoft.EntityFrameworkCore.Database.Command[20101]
      Executed DbCommand (0ms) [Parameters=[], CommandType='Text', CommandTimeout='30']
      CREATE TABLE "Messages" (
          "Id" INTEGER NOT NULL CONSTRAINT "PK_Messages" PRIMARY KEY AUTOINCREMENT,
          "Text" TEXT NOT NULL
      );
info: Microsoft.EntityFrameworkCore.Database.Command[20101]
      Executed DbCommand (0ms) [Parameters=[], CommandType='Text', CommandTimeout='30']
      CREATE TABLE "AspNetRoleClaims" (
          "Id" INTEGER NOT NULL CONSTRAINT "PK_AspNetRoleClaims" PRIMARY KEY AUTOINCREMENT,
          "RoleId" TEXT NOT NULL,
          "ClaimType" TEXT NULL,
          "ClaimValue" TEXT NULL,
          CONSTRAINT "FK_AspNetRoleClaims_AspNetRoles_RoleId" FOREIGN KEY ("RoleId") REFERENCES "AspNetRoles" ("Id") ON DELETE CASCADE
      );
info: Microsoft.EntityFrameworkCore.Database.Command[20101]
      Executed DbCommand (0ms) [Parameters=[], CommandType='Text', CommandTimeout='30']
      CREATE TABLE "AspNetUserClaims" (
          "Id" INTEGER NOT NULL CONSTRAINT "PK_AspNetUserClaims" PRIMARY KEY AUTOINCREMENT,
          "UserId" TEXT NOT NULL,
          "ClaimType" TEXT NULL,
          "ClaimValue" TEXT NULL,
          CONSTRAINT "FK_AspNetUserClaims_AspNetUsers_UserId" FOREIGN KEY ("UserId") REFERENCES "AspNetUsers" ("Id") ON DELETE CASCADE
      );
info: Microsoft.EntityFrameworkCore.Database.Command[20101]
      Executed DbCommand (0ms) [Parameters=[], CommandType='Text', CommandTimeout='30']
      CREATE TABLE "AspNetUserLogins" (
          "LoginProvider" TEXT NOT NULL,
          "ProviderKey" TEXT NOT NULL,
          "ProviderDisplayName" TEXT NULL,
          "UserId" TEXT NOT NULL,
          CONSTRAINT "PK_AspNetUserLogins" PRIMARY KEY ("LoginProvider", "ProviderKey"),
          CONSTRAINT "FK_AspNetUserLogins_AspNetUsers_UserId" FOREIGN KEY ("UserId") REFERENCES "AspNetUsers" ("Id") ON DELETE CASCADE
      );
info: Microsoft.EntityFrameworkCore.Database.Command[20101]
      Executed DbCommand (0ms) [Parameters=[], CommandType='Text', CommandTimeout='30']
      CREATE TABLE "AspNetUserRoles" (
          "UserId" TEXT NOT NULL,
          "RoleId" TEXT NOT NULL,
          CONSTRAINT "PK_AspNetUserRoles" PRIMARY KEY ("UserId", "RoleId"),
          CONSTRAINT "FK_AspNetUserRoles_AspNetRoles_RoleId" FOREIGN KEY ("RoleId") REFERENCES "AspNetRoles" ("Id") ON DELETE CASCADE,
          CONSTRAINT "FK_AspNetUserRoles_AspNetUsers_UserId" FOREIGN KEY ("UserId") REFERENCES "AspNetUsers" ("Id") ON DELETE CASCADE
      );
info: Microsoft.EntityFrameworkCore.Database.Command[20101]
      Executed DbCommand (0ms) [Parameters=[], CommandType='Text', CommandTimeout='30']
      CREATE TABLE "AspNetUserTokens" (
          "UserId" TEXT NOT NULL,
          "LoginProvider" TEXT NOT NULL,
          "Name" TEXT NOT NULL,
          "Value" TEXT NULL,
          CONSTRAINT "PK_AspNetUserTokens" PRIMARY KEY ("UserId", "LoginProvider", "Name"),
          CONSTRAINT "FK_AspNetUserTokens_AspNetUsers_UserId" FOREIGN KEY ("UserId") REFERENCES "AspNetUsers" ("Id") ON DELETE CASCADE
      );
info: Microsoft.EntityFrameworkCore.Database.Command[20101]
      Executed DbCommand (0ms) [Parameters=[], CommandType='Text', CommandTimeout='30']
      CREATE INDEX "IX_AspNetRoleClaims_RoleId" ON "AspNetRoleClaims" ("RoleId");
info: Microsoft.EntityFrameworkCore.Database.Command[20101]
      Executed DbCommand (0ms) [Parameters=[], CommandType='Text', CommandTimeout='30']
      CREATE UNIQUE INDEX "RoleNameIndex" ON "AspNetRoles" ("NormalizedName");
info: Microsoft.EntityFrameworkCore.Database.Command[20101]
      Executed DbCommand (0ms) [Parameters=[], CommandType='Text', CommandTimeout='30']
      CREATE INDEX "IX_AspNetUserClaims_UserId" ON "AspNetUserClaims" ("UserId");
info: Microsoft.EntityFrameworkCore.Database.Command[20101]
      Executed DbCommand (0ms) [Parameters=[], CommandType='Text', CommandTimeout='30']
      CREATE INDEX "IX_AspNetUserLogins_UserId" ON "AspNetUserLogins" ("UserId");
info: Microsoft.EntityFrameworkCore.Database.Command[20101]
      Executed DbCommand (0ms) [Parameters=[], CommandType='Text', CommandTimeout='30']
      CREATE INDEX "IX_AspNetUserRoles_RoleId" ON "AspNetUserRoles" ("RoleId");
info: Microsoft.EntityFrameworkCore.Database.Command[20101]
      Executed DbCommand (0ms) [Parameters=[], CommandType='Text', CommandTimeout='30']
      CREATE INDEX "EmailIndex" ON "AspNetUsers" ("NormalizedEmail");
info: Microsoft.EntityFrameworkCore.Database.Command[20101]
      Executed DbCommand (0ms) [Parameters=[], CommandType='Text', CommandTimeout='30']
      CREATE UNIQUE INDEX "UserNameIndex" ON "AspNetUsers" ("NormalizedUserName");
info: Microsoft.EntityFrameworkCore.Database.Command[20101]
      Executed DbCommand (0ms) [Parameters=[], CommandType='Text', CommandTimeout='30']
      SELECT EXISTS (
          SELECT 1
          FROM "Messages" AS "m")
info: Microsoft.EntityFrameworkCore.Database.Command[20101]
      Executed DbCommand (0ms) [Parameters=[@p0='?' (Size = 28)], CommandType='Text', CommandTimeout='30']
      INSERT INTO "Messages" ("Text")
      VALUES (@p0)
      RETURNING "Id";
info: Microsoft.EntityFrameworkCore.Database.Command[20101]
      Executed DbCommand (0ms) [Parameters=[@p0='?' (Size = 28)], CommandType='Text', CommandTimeout='30']
      INSERT INTO "Messages" ("Text")
      VALUES (@p0)
      RETURNING "Id";
info: Microsoft.EntityFrameworkCore.Database.Command[20101]
      Executed DbCommand (0ms) [Parameters=[@p0='?' (Size = 64)], CommandType='Text', CommandTimeout='30']
      INSERT INTO "Messages" ("Text")
      VALUES (@p0)
      RETURNING "Id";
info: Microsoft.EntityFrameworkCore.Database.Command[20101]
      Executed DbCommand (0ms) [Parameters=[], CommandType='Text', CommandTimeout='30']
      SELECT "m"."Id", "m"."Text"
      FROM "Messages" AS "m"
      ORDER BY "m"."Text"
info: Microsoft.EntityFrameworkCore.Database.Command[20101]
      Executed DbCommand (0ms) [Parameters=[], CommandType='Text', CommandTimeout='30']
      SELECT "m"."Id", "m"."Text"
      FROM "Messages" AS "m"
      ORDER BY "m"."Text"
info: Microsoft.EntityFrameworkCore.Database.Command[20101]
      Executed DbCommand (0ms) [Parameters=[], CommandType='Text', CommandTimeout='30']
      SELECT "m"."Id", "m"."Text"
      FROM "Messages" AS "m"
info: Microsoft.EntityFrameworkCore.Database.Command[20101]
      Executed DbCommand (1ms) [Parameters=[@p0='?' (DbType = Int32)], CommandType='Text', CommandTimeout='30']
      DELETE FROM "Messages"
      WHERE "Id" = @p0
      RETURNING 1;
info: Microsoft.EntityFrameworkCore.Database.Command[20101]
      Executed DbCommand (0ms) [Parameters=[@p0='?' (DbType = Int32)], CommandType='Text', CommandTimeout='30']
      DELETE FROM "Messages"
      WHERE "Id" = @p0
      RETURNING 1;
info: Microsoft.EntityFrameworkCore.Database.Command[20101]
      Executed DbCommand (0ms) [Parameters=[@p0='?' (DbType = Int32)], CommandType='Text', CommandTimeout='30']
      DELETE FROM "Messages"
      WHERE "Id" = @p0
      RETURNING 1;
info: Microsoft.EntityFrameworkCore.Database.Command[20101]
      Executed DbCommand (0ms) [Parameters=[], CommandType='Text', CommandTimeout='30']
      SELECT "m"."Id", "m"."Text"
      FROM "Messages" AS "m"
info: Microsoft.EntityFrameworkCore.Database.Command[20101]
      Executed DbCommand (0ms) [Parameters=[@p0='?' (Size = 41)], CommandType='Text', CommandTimeout='30']
      INSERT INTO "Messages" ("Text")
      VALUES (@p0)
      RETURNING "Id";
info: Microsoft.EntityFrameworkCore.Database.Command[20101]
      Executed DbCommand (0ms) [Parameters=[@p0='?' (Size = 41)], CommandType='Text', CommandTimeout='30']
      INSERT INTO "Messages" ("Text")
      VALUES (@p0)
      RETURNING "Id";
info: Microsoft.EntityFrameworkCore.Database.Command[20101]
      Executed DbCommand (0ms) [Parameters=[@p0='?' (Size = 77)], CommandType='Text', CommandTimeout='30']
      INSERT INTO "Messages" ("Text")
      VALUES (@p0)
      RETURNING "Id";
info: Microsoft.EntityFrameworkCore.Database.Command[20101]
      Executed DbCommand (0ms) [Parameters=[], CommandType='Text', CommandTimeout='30']
      SELECT "m"."Id", "m"."Text"
      FROM "Messages" AS "m"
      ORDER BY "m"."Text"
info: Microsoft.EntityFrameworkCore.Database.Command[20101]
      Executed DbCommand (0ms) [Parameters=[@__p_0='?' (DbType = Int32)], CommandType='Text', CommandTimeout='30']
      SELECT "m"."Id", "m"."Text"
      FROM "Messages" AS "m"
      WHERE "m"."Id" = @__p_0
      LIMIT 1
info: Microsoft.EntityFrameworkCore.Database.Command[20101]
      Executed DbCommand (0ms) [Parameters=[@p0='?' (DbType = Int32)], CommandType='Text', CommandTimeout='30']
      DELETE FROM "Messages"
      WHERE "Id" = @p0
      RETURNING 1;
info: Microsoft.EntityFrameworkCore.Database.Command[20101]
      Executed DbCommand (0ms) [Parameters=[], CommandType='Text', CommandTimeout='30']
      SELECT "m"."Id", "m"."Text"
      FROM "Messages" AS "m"
      ORDER BY "m"."Text"
info: Microsoft.EntityFrameworkCore.Database.Command[20101]
      Executed DbCommand (0ms) [Parameters=[], CommandType='Text', CommandTimeout='30']
      SELECT "m"."Id", "m"."Text"
      FROM "Messages" AS "m"
      ORDER BY "m"."Text"
info: Microsoft.EntityFrameworkCore.Database.Command[20101]
      Executed DbCommand (0ms) [Parameters=[], CommandType='Text', CommandTimeout='30']
      SELECT "m"."Id", "m"."Text"
      FROM "Messages" AS "m"
      ORDER BY "m"."Text"
info: Microsoft.EntityFrameworkCore.Database.Command[20101]
      Executed DbCommand (0ms) [Parameters=[], CommandType='Text', CommandTimeout='30']
      SELECT "m"."Id", "m"."Text"
      FROM "Messages" AS "m"
      ORDER BY "m"."Text"
[xUnit.net 00:00:02.53]   Finished:    RazorPagesProject.IntegrationTests
</StdOut>
    </Output>
  </ResultSummary>
</TestRun>